---
source: plugins/svd/tests/mapper.rs
expression: value
---
Object {
    "MemoryMap": Array [],
}
