---
source: plugins/warp/tests/determinism.rs
expression: functions
---
{
    4208688: FunctionGUID {
        guid: 8afbbff2-6377-5cac-ae13-41df85aa29de,
    },
    4208720: FunctionGUID {
        guid: e1d0a663-eca2-5fa0-9a09-b63344e7efb3,
    },
    4208752: FunctionGUID {
        guid: 28516317-74be-5eaa-a14d-58e1d50b3cc1,
    },
    4208768: FunctionGUID {
        guid: 4c231159-8490-52e8-b367-da237eb5a773,
    },
    4208784: FunctionGUID {
        guid: 4c231159-8490-52e8-b367-da237eb5a773,
    },
    4208800: FunctionGUID {
        guid: 4c231159-8490-52e8-b367-da237eb5a773,
    },
    4208816: FunctionGUID {
        guid: 4c231159-8490-52e8-b367-da237eb5a773,
    },
    4208832: FunctionGUID {
        guid: 4c231159-8490-52e8-b367-da237eb5a773,
    },
    4208848: FunctionGUID {
        guid: 4c231159-8490-52e8-b367-da237eb5a773,
    },
    4208864: FunctionGUID {
        guid: 4c231159-8490-52e8-b367-da237eb5a773,
    },
    4208880: FunctionGUID {
        guid: 4c231159-8490-52e8-b367-da237eb5a773,
    },
    4208896: FunctionGUID {
        guid: 4c231159-8490-52e8-b367-da237eb5a773,
    },
    4208912: FunctionGUID {
        guid: 4c231159-8490-52e8-b367-da237eb5a773,
    },
    4208928: FunctionGUID {
        guid: 4c231159-8490-52e8-b367-da237eb5a773,
    },
    4208944: FunctionGUID {
        guid: 4c231159-8490-52e8-b367-da237eb5a773,
    },
    4208960: FunctionGUID {
        guid: 4c231159-8490-52e8-b367-da237eb5a773,
    },
    4208976: FunctionGUID {
        guid: 4c231159-8490-52e8-b367-da237eb5a773,
    },
    4208992: FunctionGUID {
        guid: 4c231159-8490-52e8-b367-da237eb5a773,
    },
    4209008: FunctionGUID {
        guid: 4c231159-8490-52e8-b367-da237eb5a773,
    },
    4209024: FunctionGUID {
        guid: 4c231159-8490-52e8-b367-da237eb5a773,
    },
    4209040: FunctionGUID {
        guid: 4c231159-8490-52e8-b367-da237eb5a773,
    },
    4209056: FunctionGUID {
        guid: 4c231159-8490-52e8-b367-da237eb5a773,
    },
    4209072: FunctionGUID {
        guid: 4c231159-8490-52e8-b367-da237eb5a773,
    },
    4209088: FunctionGUID {
        guid: 4c231159-8490-52e8-b367-da237eb5a773,
    },
    4209104: FunctionGUID {
        guid: 4c231159-8490-52e8-b367-da237eb5a773,
    },
    4209120: FunctionGUID {
        guid: 4c231159-8490-52e8-b367-da237eb5a773,
    },
    4209136: FunctionGUID {
        guid: 4c231159-8490-52e8-b367-da237eb5a773,
    },
    4209152: FunctionGUID {
        guid: 4c231159-8490-52e8-b367-da237eb5a773,
    },
    4209168: FunctionGUID {
        guid: 4c231159-8490-52e8-b367-da237eb5a773,
    },
    4209184: FunctionGUID {
        guid: 4c231159-8490-52e8-b367-da237eb5a773,
    },
    4209200: FunctionGUID {
        guid: 4c231159-8490-52e8-b367-da237eb5a773,
    },
    4209216: FunctionGUID {
        guid: 4c231159-8490-52e8-b367-da237eb5a773,
    },
    4209232: FunctionGUID {
        guid: 4c231159-8490-52e8-b367-da237eb5a773,
    },
    4209248: FunctionGUID {
        guid: 4c231159-8490-52e8-b367-da237eb5a773,
    },
    4209264: FunctionGUID {
        guid: 4c231159-8490-52e8-b367-da237eb5a773,
    },
    4209280: FunctionGUID {
        guid: 4c231159-8490-52e8-b367-da237eb5a773,
    },
    4209296: FunctionGUID {
        guid: 4c231159-8490-52e8-b367-da237eb5a773,
    },
    4209312: FunctionGUID {
        guid: 4c231159-8490-52e8-b367-da237eb5a773,
    },
    4209328: FunctionGUID {
        guid: 4c231159-8490-52e8-b367-da237eb5a773,
    },
    4209344: FunctionGUID {
        guid: 4c231159-8490-52e8-b367-da237eb5a773,
    },
    4209360: FunctionGUID {
        guid: 4c231159-8490-52e8-b367-da237eb5a773,
    },
    4209376: FunctionGUID {
        guid: 4c231159-8490-52e8-b367-da237eb5a773,
    },
    4209392: FunctionGUID {
        guid: 4c231159-8490-52e8-b367-da237eb5a773,
    },
    4209408: FunctionGUID {
        guid: 4c231159-8490-52e8-b367-da237eb5a773,
    },
    4209424: FunctionGUID {
        guid: 4c231159-8490-52e8-b367-da237eb5a773,
    },
    4209440: FunctionGUID {
        guid: 4c231159-8490-52e8-b367-da237eb5a773,
    },
    4209456: FunctionGUID {
        guid: 4c231159-8490-52e8-b367-da237eb5a773,
    },
    4209472: FunctionGUID {
        guid: 4c231159-8490-52e8-b367-da237eb5a773,
    },
    4209488: FunctionGUID {
        guid: 4c231159-8490-52e8-b367-da237eb5a773,
    },
    4209504: FunctionGUID {
        guid: 4c231159-8490-52e8-b367-da237eb5a773,
    },
    4209520: FunctionGUID {
        guid: 4c231159-8490-52e8-b367-da237eb5a773,
    },
    4209536: FunctionGUID {
        guid: 4c231159-8490-52e8-b367-da237eb5a773,
    },
    4209552: FunctionGUID {
        guid: 4c231159-8490-52e8-b367-da237eb5a773,
    },
    4209568: FunctionGUID {
        guid: 4c231159-8490-52e8-b367-da237eb5a773,
    },
    4209584: FunctionGUID {
        guid: 4c231159-8490-52e8-b367-da237eb5a773,
    },
    4209600: FunctionGUID {
        guid: 4c231159-8490-52e8-b367-da237eb5a773,
    },
    4209616: FunctionGUID {
        guid: 4c231159-8490-52e8-b367-da237eb5a773,
    },
    4209632: FunctionGUID {
        guid: 4c231159-8490-52e8-b367-da237eb5a773,
    },
    4209648: FunctionGUID {
        guid: 4c231159-8490-52e8-b367-da237eb5a773,
    },
    4209664: FunctionGUID {
        guid: 4c231159-8490-52e8-b367-da237eb5a773,
    },
    4209680: FunctionGUID {
        guid: 4c231159-8490-52e8-b367-da237eb5a773,
    },
    4209696: FunctionGUID {
        guid: 4c231159-8490-52e8-b367-da237eb5a773,
    },
    4209712: FunctionGUID {
        guid: 4c231159-8490-52e8-b367-da237eb5a773,
    },
    4209728: FunctionGUID {
        guid: 4c231159-8490-52e8-b367-da237eb5a773,
    },
    4209744: FunctionGUID {
        guid: 4c231159-8490-52e8-b367-da237eb5a773,
    },
    4209760: FunctionGUID {
        guid: 4c231159-8490-52e8-b367-da237eb5a773,
    },
    4209776: FunctionGUID {
        guid: 4c231159-8490-52e8-b367-da237eb5a773,
    },
    4209792: FunctionGUID {
        guid: 4c231159-8490-52e8-b367-da237eb5a773,
    },
    4209808: FunctionGUID {
        guid: 4c231159-8490-52e8-b367-da237eb5a773,
    },
    4209824: FunctionGUID {
        guid: 4c231159-8490-52e8-b367-da237eb5a773,
    },
    4209840: FunctionGUID {
        guid: 4c231159-8490-52e8-b367-da237eb5a773,
    },
    4209856: FunctionGUID {
        guid: 4c231159-8490-52e8-b367-da237eb5a773,
    },
    4209872: FunctionGUID {
        guid: 4c231159-8490-52e8-b367-da237eb5a773,
    },
    4209888: FunctionGUID {
        guid: 4c231159-8490-52e8-b367-da237eb5a773,
    },
    4209904: FunctionGUID {
        guid: 4c231159-8490-52e8-b367-da237eb5a773,
    },
    4209920: FunctionGUID {
        guid: 4c231159-8490-52e8-b367-da237eb5a773,
    },
    4209936: FunctionGUID {
        guid: 4c231159-8490-52e8-b367-da237eb5a773,
    },
    4209952: FunctionGUID {
        guid: 4c231159-8490-52e8-b367-da237eb5a773,
    },
    4209968: FunctionGUID {
        guid: 4c231159-8490-52e8-b367-da237eb5a773,
    },
    4209984: FunctionGUID {
        guid: 4c231159-8490-52e8-b367-da237eb5a773,
    },
    4210000: FunctionGUID {
        guid: 4c231159-8490-52e8-b367-da237eb5a773,
    },
    4210016: FunctionGUID {
        guid: 4c231159-8490-52e8-b367-da237eb5a773,
    },
    4210032: FunctionGUID {
        guid: 4c231159-8490-52e8-b367-da237eb5a773,
    },
    4210048: FunctionGUID {
        guid: 4c231159-8490-52e8-b367-da237eb5a773,
    },
    4210064: FunctionGUID {
        guid: 4c231159-8490-52e8-b367-da237eb5a773,
    },
    4210080: FunctionGUID {
        guid: 4c231159-8490-52e8-b367-da237eb5a773,
    },
    4210096: FunctionGUID {
        guid: 4c231159-8490-52e8-b367-da237eb5a773,
    },
    4210112: FunctionGUID {
        guid: 4c231159-8490-52e8-b367-da237eb5a773,
    },
    4210128: FunctionGUID {
        guid: 4c231159-8490-52e8-b367-da237eb5a773,
    },
    4210144: FunctionGUID {
        guid: 4c231159-8490-52e8-b367-da237eb5a773,
    },
    4210160: FunctionGUID {
        guid: 4c231159-8490-52e8-b367-da237eb5a773,
    },
    4210176: FunctionGUID {
        guid: 4c231159-8490-52e8-b367-da237eb5a773,
    },
    4210192: FunctionGUID {
        guid: 4c231159-8490-52e8-b367-da237eb5a773,
    },
    4210208: FunctionGUID {
        guid: 4c231159-8490-52e8-b367-da237eb5a773,
    },
    4210224: FunctionGUID {
        guid: 4c231159-8490-52e8-b367-da237eb5a773,
    },
    4210240: FunctionGUID {
        guid: 4c231159-8490-52e8-b367-da237eb5a773,
    },
    4210256: FunctionGUID {
        guid: 4c231159-8490-52e8-b367-da237eb5a773,
    },
    4210272: FunctionGUID {
        guid: 4c231159-8490-52e8-b367-da237eb5a773,
    },
    4210288: FunctionGUID {
        guid: 4c231159-8490-52e8-b367-da237eb5a773,
    },
    4210304: FunctionGUID {
        guid: 4c231159-8490-52e8-b367-da237eb5a773,
    },
    4210320: FunctionGUID {
        guid: 4c231159-8490-52e8-b367-da237eb5a773,
    },
    4210336: FunctionGUID {
        guid: 4c231159-8490-52e8-b367-da237eb5a773,
    },
    4210352: FunctionGUID {
        guid: 4c231159-8490-52e8-b367-da237eb5a773,
    },
    4210368: FunctionGUID {
        guid: 4c231159-8490-52e8-b367-da237eb5a773,
    },
    4210384: FunctionGUID {
        guid: 4c231159-8490-52e8-b367-da237eb5a773,
    },
    4210400: FunctionGUID {
        guid: 4c231159-8490-52e8-b367-da237eb5a773,
    },
    4210416: FunctionGUID {
        guid: 4c231159-8490-52e8-b367-da237eb5a773,
    },
    4210432: FunctionGUID {
        guid: 4c231159-8490-52e8-b367-da237eb5a773,
    },
    4210448: FunctionGUID {
        guid: 4c231159-8490-52e8-b367-da237eb5a773,
    },
    4210464: FunctionGUID {
        guid: 4c231159-8490-52e8-b367-da237eb5a773,
    },
    4210496: FunctionGUID {
        guid: 2f424df0-12f5-5ba3-bba4-e344c4568694,
    },
    4217344: FunctionGUID {
        guid: 46161978-4ea2-50c3-8419-911b98de7e89,
    },
    4217396: FunctionGUID {
        guid: d8012dfe-a5b5-58e6-bdfb-af8098790d41,
    },
    4217424: FunctionGUID {
        guid: fcb396d3-bd2d-53f5-9c83-f3eec4484f93,
    },
    4217472: FunctionGUID {
        guid: 2d8c09b2-6628-5156-b15e-3a9a3809e15a,
    },
    4217536: FunctionGUID {
        guid: fa9dbb33-1bbf-5cfd-bc0d-cd05b5514033,
    },
    4217616: FunctionGUID {
        guid: df8aa3ba-26f5-56bd-8dd0-c4a132dfcc35,
    },
    4217620: FunctionGUID {
        guid: bb14abcb-a5f5-5e6e-ab9a-e3ca7e5145b8,
    },
    4217648: FunctionGUID {
        guid: d42c3360-0488-5bad-a6df-bee99d4ae65d,
    },
    4217692: FunctionGUID {
        guid: 0f162496-cf62-5da8-b5e4-ced793dc063d,
    },
    4217716: FunctionGUID {
        guid: b469fe0b-f7bd-5c09-8a62-2a39527922f5,
    },
    4218484: FunctionGUID {
        guid: 01743b2d-e40c-5138-84c3-5a4a7bc1db24,
    },
    4218708: FunctionGUID {
        guid: a911f662-0fbb-56bc-a096-b225898280cc,
    },
    4218720: FunctionGUID {
        guid: ba0c6bc2-0219-5fa1-9298-6b73da86d11a,
    },
    4218784: FunctionGUID {
        guid: 371100c2-ffc0-5ebd-8463-7e26178bf834,
    },
    4218900: FunctionGUID {
        guid: af928fb3-c041-5903-a0ba-181c28df182f,
    },
    4219008: FunctionGUID {
        guid: b4214a14-0b73-504f-8a0d-0a3cdefb8f67,
    },
    4219088: FunctionGUID {
        guid: 3bc222d2-5044-5fd2-b642-07ebeb73cd64,
    },
    4219760: FunctionGUID {
        guid: 6fa7c477-54ec-55c2-aee7-d9dfad3c3e7c,
    },
    4219880: FunctionGUID {
        guid: 9223b6f4-031d-5909-ab1a-36ea41dd4463,
    },
    4219900: FunctionGUID {
        guid: 7d8f66cf-fb97-5ec9-97a6-660e267fd1a9,
    },
    4219920: FunctionGUID {
        guid: 53ee5c31-785b-5486-9b23-01c143f974b1,
    },
    4220240: FunctionGUID {
        guid: be1e154e-7491-5098-8a81-3b3990d9dae1,
    },
    4220380: FunctionGUID {
        guid: 9abb2887-f688-5ce3-abbf-27c43a2cfe28,
    },
    4220408: FunctionGUID {
        guid: 5ac456e0-5c7a-55e7-b2c8-650a60a526fe,
    },
    4220432: FunctionGUID {
        guid: d43c2b9c-a910-56dc-8008-83a7429274bb,
    },
    4220672: FunctionGUID {
        guid: 58963e3b-8db5-5bcf-887d-0c5007fc4ee9,
    },
    4220912: FunctionGUID {
        guid: eba65fdd-7f1f-592a-973f-dadcbf2a1d40,
    },
    4220960: FunctionGUID {
        guid: 09984aa1-2f0d-50c1-bc7b-2a821aed62cc,
    },
    4221188: FunctionGUID {
        guid: 2f95a8d9-d662-55ed-974a-9a9a4b40cb81,
    },
    4221220: FunctionGUID {
        guid: 61ed0e3f-fcf9-512d-a8c1-fddd44110e19,
    },
    4221364: FunctionGUID {
        guid: 707b5fb2-e2d6-5810-b7e7-9ed225bd90ae,
    },
    4221824: FunctionGUID {
        guid: e658f512-bbed-5690-a899-3aa99f337dbb,
    },
    4222900: FunctionGUID {
        guid: e7f4e3b4-c398-5d39-b40d-82e535dbc912,
    },
    4223072: FunctionGUID {
        guid: b555b3bd-9f42-5674-826e-2b09fcfcb5d8,
    },
    4223492: FunctionGUID {
        guid: 4260209f-5940-5103-8424-026e92714504,
    },
    4224212: FunctionGUID {
        guid: 38d6ba91-2b3a-55c0-a902-b66a9ebe7c2f,
    },
    4224280: FunctionGUID {
        guid: 27210f43-40fa-5b6a-b372-b703b9940a91,
    },
    4224356: FunctionGUID {
        guid: 812729c8-0267-52f6-9244-94bd39c60d23,
    },
    4224424: FunctionGUID {
        guid: 3928380c-97a4-5689-90bc-b5cd66013b77,
    },
    4224504: FunctionGUID {
        guid: 395e2fc5-0126-5a2f-8513-34dbad68e14e,
    },
    4224580: FunctionGUID {
        guid: 30227b7a-40e5-56d1-b2ea-12890de5a4cd,
    },
    4224656: FunctionGUID {
        guid: 7691a4d9-9aff-5ae4-bf94-6838d299a18d,
    },
    4224916: FunctionGUID {
        guid: ba6a9a6e-6146-5375-aa3f-b30f7ba43ebb,
    },
    4225024: FunctionGUID {
        guid: f3cba5da-62f5-5749-a1f2-88ade958f5ef,
    },
    4225344: FunctionGUID {
        guid: 001c19ac-960f-53dd-8f15-8620b4685c3c,
    },
    4225536: FunctionGUID {
        guid: 7e7b88a9-d82c-57d4-8e65-647bf9c2d24f,
    },
    4225588: FunctionGUID {
        guid: 25be3583-c0d0-59ba-a60f-1fb9d65f82dc,
    },
    4225640: FunctionGUID {
        guid: 4b5e1287-257c-5c57-b54a-17e30be92438,
    },
    4225700: FunctionGUID {
        guid: 13e76b2c-5d8b-5973-8e96-26b0cfa2922b,
    },
    4225788: FunctionGUID {
        guid: 54912a05-2e0c-537f-90c0-3f42295c6767,
    },
    4225880: FunctionGUID {
        guid: 8d065df1-9cca-50a5-aff4-5dd4308853e9,
    },
    4226032: FunctionGUID {
        guid: 0bc4ad84-ff4a-5733-a5f6-18d6f40d9b94,
    },
    4226144: FunctionGUID {
        guid: c14906b5-0b8f-5d7a-afbd-56c9bae65494,
    },
    4226256: FunctionGUID {
        guid: ef6d6294-a6c6-5936-8e63-c6a9327c43b5,
    },
    4226368: FunctionGUID {
        guid: fa0ddf0d-b5a5-55cf-ae68-49b2526ffd6a,
    },
    4226480: FunctionGUID {
        guid: 74a1996d-85a4-56a1-a028-f14f968b18d6,
    },
    4226592: FunctionGUID {
        guid: b5dad6ba-9125-566d-bbcd-6683f3b41f3f,
    },
    4226704: FunctionGUID {
        guid: 06f02878-aee6-5026-91e2-c9a79f385b7a,
    },
    4226816: FunctionGUID {
        guid: 2af76ed2-523c-5001-9756-6669a0053e0d,
    },
    4226928: FunctionGUID {
        guid: db94da9b-4a4c-5da1-be37-ee3e5f385aa6,
    },
    4227596: FunctionGUID {
        guid: bd44df3b-8c20-5c81-8eb6-868043a8da97,
    },
    4227676: FunctionGUID {
        guid: 8e90c982-84bf-58fa-aadc-877a39ce27e6,
    },
    4227752: FunctionGUID {
        guid: a5e2d7c2-3f45-5bd1-9d67-d55d1fa347d5,
    },
    4227916: FunctionGUID {
        guid: d07a92d7-901f-5f98-83e1-19d00b409b30,
    },
    4228080: FunctionGUID {
        guid: 7dc3d82c-d015-50c5-a795-9f8f8aae556e,
    },
    4228296: FunctionGUID {
        guid: cf5636b6-62ed-5e28-85c4-b513f08e9f6e,
    },
    4228456: FunctionGUID {
        guid: 99466048-28bd-5b66-af2d-1505e181c1a4,
    },
    4228620: FunctionGUID {
        guid: 13083e06-e7d7-578f-9661-b1b5c51fe2cd,
    },
    4228768: FunctionGUID {
        guid: d577351c-a0a5-53ae-85f7-b567eff8f4a9,
    },
    4229264: FunctionGUID {
        guid: e0e8eeb0-b919-53b5-a9ba-833fb3fa7428,
    },
    4232632: FunctionGUID {
        guid: 4e523f35-3647-5404-af7f-544a4e313479,
    },
    4232844: FunctionGUID {
        guid: e12fede7-6aa0-5ae4-abc6-3df4ce84a373,
    },
    4233032: FunctionGUID {
        guid: 6c6878aa-54b2-5dc6-94a2-c180fcc0bf00,
    },
    4233160: FunctionGUID {
        guid: 73cceb44-d068-5e91-9637-ccf8f6a06aea,
    },
    4233288: FunctionGUID {
        guid: 48201339-b693-5188-bc6e-49d94002abfe,
    },
    4233480: FunctionGUID {
        guid: 459b5f5b-18eb-5500-8f39-27dd9a620bd5,
    },
    4233672: FunctionGUID {
        guid: 76d9e52f-a031-5cb3-a41f-9ab9e467ca39,
    },
    4233860: FunctionGUID {
        guid: 06f1f644-e18b-5863-b1bb-c5f44499bd16,
    },
    4234044: FunctionGUID {
        guid: 1a38b1f6-9f5b-5e90-a0f4-0883f465ce56,
    },
    4234168: FunctionGUID {
        guid: 7f3de123-a9c3-5792-ae0c-6edc559e81fa,
    },
    4234296: FunctionGUID {
        guid: 505824da-5bc1-5391-9905-2d55d8d3660c,
    },
    4234480: FunctionGUID {
        guid: 16e26b47-0c66-56ad-ab71-181511e5736a,
    },
    4234600: FunctionGUID {
        guid: c2675d95-9d18-5d82-8e43-0eee2633993c,
    },
    4234728: FunctionGUID {
        guid: c1d5fbd5-31d2-5ec4-bfda-2d18acf29367,
    },
    4234856: FunctionGUID {
        guid: 816229fc-958d-50b5-babe-6cbefb3101b3,
    },
    4235044: FunctionGUID {
        guid: e96929d7-aded-5a2a-89e1-be9248d650e2,
    },
    4235164: FunctionGUID {
        guid: 13981c6f-bd02-57db-b473-a71bb5963c9a,
    },
    4235344: FunctionGUID {
        guid: e281184b-c844-5f41-84ff-fab2f381576c,
    },
    4235464: FunctionGUID {
        guid: df6796cf-1395-5dee-87d7-b695192963ee,
    },
    4235648: FunctionGUID {
        guid: b9437998-df7d-53f6-b2e3-0bfd53dd957f,
    },
    4235768: FunctionGUID {
        guid: 1422684f-bf22-55bf-84aa-78560029a26b,
    },
    4235908: FunctionGUID {
        guid: b1ce62ec-7f23-505b-abf3-968d327bf1d8,
    },
    4236036: FunctionGUID {
        guid: d248537d-a229-5f4d-a13a-bb8312b2b375,
    },
    4236204: FunctionGUID {
        guid: 20e31a57-3502-5786-a84d-21c03108e8ae,
    },
    4236348: FunctionGUID {
        guid: 41ee921c-a416-5f35-aacd-79737a890047,
    },
    4236472: FunctionGUID {
        guid: e1bec3e0-89db-530c-bb9b-348623088307,
    },
    4236608: FunctionGUID {
        guid: 3298e1df-eb11-5b4e-9e89-0271793156a3,
    },
    4236728: FunctionGUID {
        guid: 1057f82c-ea9e-56cb-97c1-9b3f6fb1ef0d,
    },
    4236904: FunctionGUID {
        guid: 1368bfc9-3bdd-5e29-879c-3bbd878e388f,
    },
    4237080: FunctionGUID {
        guid: 3ba81a41-00e8-5ff5-b694-1ba603008df1,
    },
    4237252: FunctionGUID {
        guid: 6560a388-59ad-581a-a568-c62cf31f050a,
    },
    4237456: FunctionGUID {
        guid: 0b944039-7a01-5294-85cd-921f48f532c3,
    },
    4237576: FunctionGUID {
        guid: a59d0026-8d0d-5658-b9c8-3f5dc21ccd02,
    },
    4237776: FunctionGUID {
        guid: a62a8032-1234-516e-87e2-aaabb1e64fa2,
    },
    4238736: FunctionGUID {
        guid: 081e3b6e-d704-53c6-9e40-5ee7907b4cf5,
    },
    4239744: FunctionGUID {
        guid: 4f20d4f2-6edb-52f2-bee1-8ff470b2f939,
    },
    4240320: FunctionGUID {
        guid: c2821537-cbff-5838-9d2f-d76df1e3083c,
    },
    4240832: FunctionGUID {
        guid: e790be7b-2819-5c45-9843-789b6ab54be7,
    },
    4243168: FunctionGUID {
        guid: a57b3832-ed6a-5a35-bb02-886bc6b0bf63,
    },
    4244256: FunctionGUID {
        guid: ae282b5e-ab9a-58af-9a4c-1f1d6d2480db,
    },
    4245984: FunctionGUID {
        guid: f314c4ab-3b53-5473-ad44-e9805070bba3,
    },
    4247840: FunctionGUID {
        guid: 78051abd-7632-53f9-a384-3ee871868dba,
    },
    4248240: FunctionGUID {
        guid: 72e922c6-1160-5781-adac-129af5ebe536,
    },
    4248536: FunctionGUID {
        guid: f54dba4a-b800-5fe1-a52e-a1d6993faf3f,
    },
    4248656: FunctionGUID {
        guid: 5a844498-31ea-5a88-98a8-e802327f55f8,
    },
    4248816: FunctionGUID {
        guid: cad2cadd-7e9b-5b00-87dd-15bf9e643cde,
    },
    4249156: FunctionGUID {
        guid: 0e315293-2481-5db3-867b-0ae3353e30e6,
    },
    4249372: FunctionGUID {
        guid: 4238454a-02a9-582a-b10a-786c1962a457,
    },
    4249488: FunctionGUID {
        guid: ec5837ab-8ec7-5a8a-a3c4-3273f517501f,
    },
    4249584: FunctionGUID {
        guid: c61d0ffd-faea-556f-9232-5211bbd19545,
    },
    4249648: FunctionGUID {
        guid: 5899f966-29a3-51df-b42c-97a8ae96a76c,
    },
    4249776: FunctionGUID {
        guid: 999e295e-9c1a-5071-9ced-49a83b1aa012,
    },
    4251572: FunctionGUID {
        guid: bca7ed80-3017-5efd-a5ea-b78f81b2bce2,
    },
    4251596: FunctionGUID {
        guid: d0770e4a-1b19-5cc0-b7e6-625309163b07,
    },
    4251616: FunctionGUID {
        guid: beb079d3-92d5-59f7-b304-ebd35c4d11be,
    },
    4251856: FunctionGUID {
        guid: 0bb03a03-d8af-5c81-81fe-41c15e6c1aac,
    },
    4251936: FunctionGUID {
        guid: 3147d1c3-86db-59f5-95b0-a7100094c7ce,
    },
    4252128: FunctionGUID {
        guid: 3e34a55f-625b-5508-b54b-07435e5b6642,
    },
    4252336: FunctionGUID {
        guid: dd72bf1e-9609-5d62-81b5-b02e48ad73cd,
    },
    4252480: FunctionGUID {
        guid: 3065cbda-fee1-5f9b-949b-a1b407dd4e0d,
    },
    4252960: FunctionGUID {
        guid: 3f2c6525-79b7-571c-a8dc-4ffc965d823a,
    },
    4252976: FunctionGUID {
        guid: 9565f4a5-b9ac-5807-a10e-052d407d1497,
    },
    4253008: FunctionGUID {
        guid: 1f818b1f-c1f2-537d-82a1-112552134893,
    },
    4253264: FunctionGUID {
        guid: 96769099-2e48-599b-a4d5-a4d891ffbefb,
    },
    4253540: FunctionGUID {
        guid: ad16c961-a669-539e-afc3-3976a610910f,
    },
    4254240: FunctionGUID {
        guid: c8a94225-9d9c-5012-a4d7-0aeb91bee561,
    },
    4254692: FunctionGUID {
        guid: 3f182f9e-2b08-5647-b786-336413546cca,
    },
    4254720: FunctionGUID {
        guid: b99049b0-bb7b-5dd7-aa59-262fd46076b9,
    },
    4254732: FunctionGUID {
        guid: f4446820-ab78-578a-9a8c-b4776226ca1f,
    },
    4254832: FunctionGUID {
        guid: b9ebdb3f-b617-558f-a6e2-611912c0a0f3,
    },
    4255024: FunctionGUID {
        guid: f1aa27f0-99df-56e2-8a5f-5fcdbfbf7594,
    },
    4255248: FunctionGUID {
        guid: 908e5d93-5108-5d80-a698-ed033dd04ca6,
    },
    4255584: FunctionGUID {
        guid: 27758b7b-b43c-5921-95cb-3622f7841112,
    },
    4255792: FunctionGUID {
        guid: 03017417-722c-5268-bdfe-268abbc6d662,
    },
    4256184: FunctionGUID {
        guid: c5cd18ed-5acb-5ab1-ac04-1d79889adced,
    },
    4256208: FunctionGUID {
        guid: c397ce22-571f-51e8-b6ec-f602b5327ba4,
    },
    4256216: FunctionGUID {
        guid: c1ac804f-9cbe-5215-8494-ecc7a3dd5b1e,
    },
    4256316: FunctionGUID {
        guid: cdd532f9-7dcd-5be7-9187-7c1d26691b13,
    },
    4256444: FunctionGUID {
        guid: bbf168c5-b6c5-5506-b44a-4f967f1eb396,
    },
    4256688: FunctionGUID {
        guid: 43b0ebc4-c760-5987-8776-4e5b8ab29893,
    },
    4256856: FunctionGUID {
        guid: c7f3d07c-eebd-5651-a601-9eabd441d857,
    },
    4256932: FunctionGUID {
        guid: 43c29b2d-06a0-5df2-a114-b36b29e8385d,
    },
    4257192: FunctionGUID {
        guid: b67718bc-4858-5f31-9d35-b9fef437506d,
    },
    4257352: FunctionGUID {
        guid: d1708c2b-6eda-5ecb-924c-26d68991e9b9,
    },
    4257408: FunctionGUID {
        guid: eb28fc94-348a-5741-9722-c12e3e0938be,
    },
    4257440: FunctionGUID {
        guid: 0582d4c7-a3ea-5c91-861f-f24936202dfa,
    },
    4257680: FunctionGUID {
        guid: 5fa1c9a2-e81c-5e33-8c83-8ec2f12deaf6,
    },
    4257844: FunctionGUID {
        guid: 0ef96bd6-068a-5529-9f1a-f8af060e8984,
    },
    4258068: FunctionGUID {
        guid: 68c9870b-872e-5265-84ac-6dc3d2e85c95,
    },
    4258384: FunctionGUID {
        guid: f670d296-f293-539e-a1bc-558055d78bd5,
    },
    4258784: FunctionGUID {
        guid: 43182d1d-7782-5d9e-ae57-9f22490a2804,
    },
    4258900: FunctionGUID {
        guid: 2bc264f7-66d2-578c-89f5-2095d2da917d,
    },
    4259196: FunctionGUID {
        guid: c4f4352e-15d9-5494-adbc-8ab949ab3ed8,
    },
    4259204: FunctionGUID {
        guid: 41a4d1a5-3602-5666-8dfc-935a8225317c,
    },
    4259272: FunctionGUID {
        guid: 61dcf5aa-c427-527a-8526-22fd93824888,
    },
    4259376: FunctionGUID {
        guid: 70d1a7be-bbad-50c8-a354-47abf982ee39,
    },
    4259424: FunctionGUID {
        guid: de8676b8-7f10-5227-bc7f-8743933da5fc,
    },
    4261568: FunctionGUID {
        guid: 2950e26a-5957-5753-9e91-9f18f4540459,
    },
    4262064: FunctionGUID {
        guid: 884cd159-00d7-59bd-9982-ed4da84eb918,
    },
    4262256: FunctionGUID {
        guid: d856c86c-6dcd-56a7-b1ac-b6840fd9f1ec,
    },
    4262544: FunctionGUID {
        guid: ce4e9415-26ba-5f10-bea0-ca3ff521d7e8,
    },
    4262744: FunctionGUID {
        guid: f157f52f-a314-52cb-becc-32f2ed7faf2c,
    },
    4263056: FunctionGUID {
        guid: 2227aae7-8ebc-5f05-9e9b-0ad5ccdf4cc3,
    },
    4263184: FunctionGUID {
        guid: 9d11f41b-f4fd-55b4-a3a5-e5576bcaa11f,
    },
    4263264: FunctionGUID {
        guid: 7e0b2572-5977-5182-9cf1-afec1ef6810e,
    },
    4263440: FunctionGUID {
        guid: ee2227c5-5fa6-546a-8974-05b54b2cb83e,
    },
    4264216: FunctionGUID {
        guid: 5bec927a-5089-5262-bee6-48334873de3a,
    },
    4264448: FunctionGUID {
        guid: 38698352-c162-5040-b3b8-f982d6cba17c,
    },
    4264992: FunctionGUID {
        guid: 7488a8ef-ba4f-55aa-a770-dd1ccd29c408,
    },
    4265040: FunctionGUID {
        guid: 345f9fe5-d073-56d8-8ac3-dc3069fcc0b0,
    },
    4265712: FunctionGUID {
        guid: 23079713-0834-58cb-8499-69fd54b3a0b8,
    },
    4265840: FunctionGUID {
        guid: b5144e02-f8df-5eaf-b561-084edbe9b243,
    },
    4272052: FunctionGUID {
        guid: 1e9cf454-c47b-5f3d-a7a7-75be73db2397,
    },
    4272100: FunctionGUID {
        guid: b4b211cc-7b0e-5a40-8d4b-6fb3576e0a1f,
    },
    4272196: FunctionGUID {
        guid: 128091d0-c31a-5e93-b426-0654b946ee45,
    },
    4272420: FunctionGUID {
        guid: 642b2be1-4b8e-5c36-99a4-6abc6e7ce82a,
    },
    4272448: FunctionGUID {
        guid: 33d31b18-7d89-5057-8923-580fcd5cf66f,
    },
    4272480: FunctionGUID {
        guid: c713167c-b450-5094-a0ee-f398eeda81f6,
    },
    4272816: FunctionGUID {
        guid: 60310987-8641-5733-8214-a9a9f38248ee,
    },
    4272868: FunctionGUID {
        guid: 9e8c6648-bd53-5cfb-9ac0-2292fae5de26,
    },
    4273040: FunctionGUID {
        guid: e0d887b5-ab09-59bf-8348-b4823caffc69,
    },
    4273088: FunctionGUID {
        guid: 59aab319-8d3b-501c-a1c6-9e0db7952e77,
    },
    4273376: FunctionGUID {
        guid: c0719ec5-5704-54a2-aaf2-1b7c38b81580,
    },
    4273696: FunctionGUID {
        guid: 60c14e5f-c983-5e56-b1f6-657e6bc2f250,
    },
    4278816: FunctionGUID {
        guid: bef49e7d-e099-5de2-b985-7ce2838218e6,
    },
    4279312: FunctionGUID {
        guid: 0be382ba-1ef7-558b-a333-ee2786920c3b,
    },
    4279392: FunctionGUID {
        guid: b56ca86b-49f2-5e04-8ff8-9881892cbab8,
    },
    4279424: FunctionGUID {
        guid: c4982ea2-de7c-593c-aeda-03ff3ae02fff,
    },
    4279456: FunctionGUID {
        guid: fd2c8908-9a1e-5d69-8e74-58b7886f3977,
    },
    4279524: FunctionGUID {
        guid: c9a844bc-09c6-5e35-85dc-36d21e124598,
    },
    4279556: FunctionGUID {
        guid: 39ede5a8-0fba-5eee-94a5-6397d7e46f0b,
    },
    4279616: FunctionGUID {
        guid: 6b2eb856-1041-5846-882b-d232971c2c8c,
    },
    4279756: FunctionGUID {
        guid: ef1fcf47-3cac-53b4-87bd-769ddb989d65,
    },
    4279996: FunctionGUID {
        guid: 15dbf1ca-c14c-5adc-b3d6-c706f38e4578,
    },
    4280012: FunctionGUID {
        guid: 5d2aab9c-f389-5480-8395-5b34b0686c30,
    },
    4280188: FunctionGUID {
        guid: 7a5bd172-39c1-5d6b-a679-c9e1f02ad635,
    },
    4280212: FunctionGUID {
        guid: d18e6aea-2a93-569e-b689-44bcc2bcae84,
    },
    4280228: FunctionGUID {
        guid: 0899388b-ad43-5bbf-8f9b-884f1eb18dc9,
    },
    4280256: FunctionGUID {
        guid: 9912d748-8aa1-53bd-a917-2287a42b7c7d,
    },
    4280288: FunctionGUID {
        guid: bc4216dd-83c6-5612-b032-75d8edb79f0f,
    },
    4280440: FunctionGUID {
        guid: de01070b-a4e8-53cc-8712-d4c6053ea371,
    },
    4280608: FunctionGUID {
        guid: f6605a06-13eb-551c-b9bd-e151c3d436ff,
    },
    4280756: FunctionGUID {
        guid: 18468bca-0bcf-54f5-b384-d2a54643bf3f,
    },
    4281064: FunctionGUID {
        guid: bf24b42b-bb76-5a09-a387-007d6be1ce61,
    },
    4281236: FunctionGUID {
        guid: 4e2acc41-b6c3-500e-9955-64f7e4069a83,
    },
    4281524: FunctionGUID {
        guid: 0eccb62b-416c-5ebb-a445-5fe9e6dc55f9,
    },
    4282328: FunctionGUID {
        guid: 6e9a81c0-f2de-512f-a4e8-30be36238c39,
    },
    4282352: FunctionGUID {
        guid: 9912d748-8aa1-53bd-a917-2287a42b7c7d,
    },
    4282384: FunctionGUID {
        guid: bcb32bdb-dd3a-595e-a66e-c9731caa5794,
    },
    4282404: FunctionGUID {
        guid: 0899388b-ad43-5bbf-8f9b-884f1eb18dc9,
    },
    4282432: FunctionGUID {
        guid: 00c835ec-4d7f-5cc7-bfcf-38be42afea86,
    },
    4282528: FunctionGUID {
        guid: 54096e36-fd31-5185-a235-66e25617d47a,
    },
    4282672: FunctionGUID {
        guid: 2df03391-403f-59b0-b90b-f219b129654d,
    },
    4282864: FunctionGUID {
        guid: 04f432d3-d257-57b1-a602-1a186b282e7c,
    },
    4283024: FunctionGUID {
        guid: 04f432d3-d257-57b1-a602-1a186b282e7c,
    },
    4283180: FunctionGUID {
        guid: 9954bd4d-34c0-551e-8770-ff1be82c0049,
    },
    4283344: FunctionGUID {
        guid: 140b7c1c-8c61-5374-a3bf-b930407831a0,
    },
    4283504: FunctionGUID {
        guid: ce9c1b4d-cdf6-5782-b630-4b512ab2b1f9,
    },
    4283520: FunctionGUID {
        guid: d6da94ea-8505-5d8b-a96b-27fa7391cb31,
    },
    4283664: FunctionGUID {
        guid: 48b48681-11d1-5646-84f7-86be8354f6eb,
    },
    4283840: FunctionGUID {
        guid: 6e9a51eb-dca8-5fa2-8128-c357aa7a1cb6,
    },
    4284192: FunctionGUID {
        guid: 378cde50-7197-5015-b495-4b4faab6cb6c,
    },
    4284460: FunctionGUID {
        guid: f63cc708-e449-5b54-a20e-313e7a471873,
    },
    4284528: FunctionGUID {
        guid: 2784687f-f1a9-598d-9bc5-9bf71970eb71,
    },
    4284720: FunctionGUID {
        guid: edb105b2-3fae-5884-98bb-b441c9c231db,
    },
    4285072: FunctionGUID {
        guid: e3525ae7-6965-5757-a3df-9f7adcdc995f,
    },
    4285944: FunctionGUID {
        guid: 6e4cd9eb-62ce-54dd-89a6-236784009091,
    },
    4285992: FunctionGUID {
        guid: b60b2cf0-82dd-5201-8f47-aa356e9c379d,
    },
    4286180: FunctionGUID {
        guid: a6845caf-4418-5f6e-aa94-7cb88e39ef49,
    },
    4286576: FunctionGUID {
        guid: 36769ca7-cc49-56eb-8d20-a001f3b63456,
    },
    4286656: FunctionGUID {
        guid: 9565f4a5-b9ac-5807-a10e-052d407d1497,
    },
    4286684: FunctionGUID {
        guid: a44b9075-5522-579e-98b2-ab539751b53d,
    },
    4286720: FunctionGUID {
        guid: 9565f4a5-b9ac-5807-a10e-052d407d1497,
    },
    4286748: FunctionGUID {
        guid: d30fe4a1-d795-5e03-a4d6-d15a3e8e1041,
    },
    4286808: FunctionGUID {
        guid: 546a1279-881b-56c6-89ee-7513ff526676,
    },
    4286864: FunctionGUID {
        guid: 36769ca7-cc49-56eb-8d20-a001f3b63456,
    },
    4286936: FunctionGUID {
        guid: 20ef1015-87d4-59bc-b01d-e8cbb5c29e51,
    },
    4286992: FunctionGUID {
        guid: 9e155ff6-51ef-5d81-9beb-7d5a887de24f,
    },
    4287032: FunctionGUID {
        guid: d814f574-a168-551e-874d-5517018bf96f,
    },
    4287104: FunctionGUID {
        guid: c29c262f-50c2-54b5-adb1-e46c67da4635,
    },
    4287228: FunctionGUID {
        guid: 07c29691-29f3-5624-8c39-7ab7dfb3ba83,
    },
    4287392: FunctionGUID {
        guid: fd9d1c81-f048-5a2c-ae18-347db99c8c29,
    },
    4287616: FunctionGUID {
        guid: 595a86fb-2bfa-5b17-994c-9cc366e13866,
    },
    4287648: FunctionGUID {
        guid: 595a86fb-2bfa-5b17-994c-9cc366e13866,
    },
    4287680: FunctionGUID {
        guid: 9565f4a5-b9ac-5807-a10e-052d407d1497,
    },
    4287708: FunctionGUID {
        guid: a44b9075-5522-579e-98b2-ab539751b53d,
    },
    4287744: FunctionGUID {
        guid: 46124c01-97f3-5fcc-b6f8-e8560838a275,
    },
    4287808: FunctionGUID {
        guid: 46124c01-97f3-5fcc-b6f8-e8560838a275,
    },
    4287864: FunctionGUID {
        guid: f8d9751d-d856-5627-b959-48e1f11036de,
    },
    4287936: FunctionGUID {
        guid: 2634f158-1a6c-5c72-bb77-41c8cf51ac42,
    },
    4288000: FunctionGUID {
        guid: 00b9f2c7-15e9-5e90-9d3f-3d8a31f4049c,
    },
    4288080: FunctionGUID {
        guid: 5e34e5e6-3083-5414-81e4-0c61c12a37f7,
    },
    4288432: FunctionGUID {
        guid: fdcbde28-34e0-5c01-b509-38aa211380c9,
    },
    4288720: FunctionGUID {
        guid: 73be8015-e6e6-5168-9fef-58b031f16f58,
    },
    4288944: FunctionGUID {
        guid: 27ac1839-9a66-5222-ac2f-d021642005b9,
    },
    4290096: FunctionGUID {
        guid: 27928cf3-ddc4-5c36-9d17-a556beacbd81,
    },
    4290308: FunctionGUID {
        guid: 9ce4e2dc-deaa-510b-828e-db556cbb36e1,
    },
    4290720: FunctionGUID {
        guid: 810e3f49-af39-5d7b-9802-a1a2c153b730,
    },
    4292096: FunctionGUID {
        guid: 6c3a406d-9125-52b2-8292-802c4bcd2dd1,
    },
    4292160: FunctionGUID {
        guid: 59e4b6a3-4796-51a0-9832-1af687e3ddec,
    },
    4292224: FunctionGUID {
        guid: 526ddba5-1d2b-55fe-a9a8-888385273a6a,
    },
    4292336: FunctionGUID {
        guid: 82f10e87-a763-5787-a99c-d9c8272eec38,
    },
    4292480: FunctionGUID {
        guid: adcd116d-2d12-5596-b2cb-3e98dbaca5af,
    },
    4292576: FunctionGUID {
        guid: 4846bb6e-607d-5069-819a-6052249554a7,
    },
    4292708: FunctionGUID {
        guid: 49aa245e-fc9a-5400-a1d8-19426b125d5e,
    },
    4292720: FunctionGUID {
        guid: faf43a06-f7eb-5fd8-b781-9dfd904f653a,
    },
    4292784: FunctionGUID {
        guid: edee0118-7b9c-5fcc-a1b1-553b46dbf133,
    },
    4292848: FunctionGUID {
        guid: b37793c9-8d3f-5902-923f-78095dd7ec19,
    },
    4295184: FunctionGUID {
        guid: ed4ee405-bb6f-5189-8ae9-4244db747c5b,
    },
    4295456: FunctionGUID {
        guid: 27a116d3-762e-591e-94e4-00355de3795a,
    },
    4295792: FunctionGUID {
        guid: c4e995d6-638f-5649-88fd-775ab123a9b5,
    },
    4297728: FunctionGUID {
        guid: c0fce349-f2ba-557c-a5e0-944f77fdd7ea,
    },
    4297840: FunctionGUID {
        guid: f32a7158-90f4-52df-ad49-a14df49c0f73,
    },
    4298096: FunctionGUID {
        guid: 683335b6-6bc7-5939-8b64-5ed191b9adf7,
    },
    4298256: FunctionGUID {
        guid: c09d75d3-4fc4-5d56-9425-a9a636b0270f,
    },
    4298368: FunctionGUID {
        guid: b562b25d-e938-5a5c-b4e0-c3c81fc166b3,
    },
    4298384: FunctionGUID {
        guid: 1e8bd239-73e4-5949-acb8-4f11e5ff1c8c,
    },
}
