---
source: plugins/svd/tests/mapper.rs
expression: map
---
"{\"MemoryMap\":[]}"
